<testsuites id="" name="" tests="85" failures="85" skipped="0" errors="0" time="55.05778900000001">
<testsuite name="auth.spec.ts" timestamp="2026-04-04T14:10:27.698Z" hostname="chromium" tests="8" failures="8" skipped="0" time="0.042" errors="0">
<testcase name="Authentication Flow › should redirect to login when accessing protected route" classname="auth.spec.ts" time="0.006">
<failure message="auth.spec.ts:10:7 should redirect to login when accessing protected route" type="FAILURE">
<![CDATA[  [chromium] › auth.spec.ts:10:7 › Authentication Flow › should redirect to login when accessing protected route 

    Error: browserType.launch: Executable doesn't exist at C:\Users\New User\AppData\Local\ms-playwright\chromium-1208\chrome-win64\chrome.exe
    ╔═════════════════════════════════════════════════════════════════════════╗
    ║ Looks like Playwright Test or Playwright was just installed or updated. ║
    ║ Please run the following command to download new browsers:              ║
    ║                                                                         ║
    ║     npx playwright install                                              ║
    ║                                                                         ║
    ║ <3 Playwright Team                                                      ║
    ╚═════════════════════════════════════════════════════════════════════════╝
]]>
</failure>
</testcase>
<testcase name="Authentication Flow › should show login form elements" classname="auth.spec.ts" time="0.005">
<failure message="auth.spec.ts:19:7 should show login form elements" type="FAILURE">
<![CDATA[  [chromium] › auth.spec.ts:19:7 › Authentication Flow › should show login form elements ───────────

    Error: browserType.launch: Executable doesn't exist at C:\Users\New User\AppData\Local\ms-playwright\chromium-1208\chrome-win64\chrome.exe
    ╔═════════════════════════════════════════════════════════════════════════╗
    ║ Looks like Playwright Test or Playwright was just installed or updated. ║
    ║ Please run the following command to download new browsers:              ║
    ║                                                                         ║
    ║     npx playwright install                                              ║
    ║                                                                         ║
    ║ <3 Playwright Team                                                      ║
    ╚═════════════════════════════════════════════════════════════════════════╝
]]>
</failure>
</testcase>
<testcase name="Authentication Flow › should validate email input" classname="auth.spec.ts" time="0.005">
<failure message="auth.spec.ts:28:7 should validate email input" type="FAILURE">
<![CDATA[  [chromium] › auth.spec.ts:28:7 › Authentication Flow › should validate email input ───────────────

    Error: browserType.launch: Executable doesn't exist at C:\Users\New User\AppData\Local\ms-playwright\chromium-1208\chrome-win64\chrome.exe
    ╔═════════════════════════════════════════════════════════════════════════╗
    ║ Looks like Playwright Test or Playwright was just installed or updated. ║
    ║ Please run the following command to download new browsers:              ║
    ║                                                                         ║
    ║     npx playwright install                                              ║
    ║                                                                         ║
    ║ <3 Playwright Team                                                      ║
    ╚═════════════════════════════════════════════════════════════════════════╝
]]>
</failure>
</testcase>
<testcase name="Authentication Flow › should show error for empty fields" classname="auth.spec.ts" time="0.006">
<failure message="auth.spec.ts:40:7 should show error for empty fields" type="FAILURE">
<![CDATA[  [chromium] › auth.spec.ts:40:7 › Authentication Flow › should show error for empty fields ────────

    Error: browserType.launch: Executable doesn't exist at C:\Users\New User\AppData\Local\ms-playwright\chromium-1208\chrome-win64\chrome.exe
    ╔═════════════════════════════════════════════════════════════════════════╗
    ║ Looks like Playwright Test or Playwright was just installed or updated. ║
    ║ Please run the following command to download new browsers:              ║
    ║                                                                         ║
    ║     npx playwright install                                              ║
    ║                                                                         ║
    ║ <3 Playwright Team                                                      ║
    ╚═════════════════════════════════════════════════════════════════════════╝
]]>
</failure>
</testcase>
<testcase name="Authentication Flow › should handle login with demo credentials" classname="auth.spec.ts" time="0.004">
<failure message="auth.spec.ts:51:7 should handle login with demo credentials" type="FAILURE">
<![CDATA[  [chromium] › auth.spec.ts:51:7 › Authentication Flow › should handle login with demo credentials ─

    Error: browserType.launch: Executable doesn't exist at C:\Users\New User\AppData\Local\ms-playwright\chromium-1208\chrome-win64\chrome.exe
    ╔═════════════════════════════════════════════════════════════════════════╗
    ║ Looks like Playwright Test or Playwright was just installed or updated. ║
    ║ Please run the following command to download new browsers:              ║
    ║                                                                         ║
    ║     npx playwright install                                              ║
    ║                                                                         ║
    ║ <3 Playwright Team                                                      ║
    ╚═════════════════════════════════════════════════════════════════════════╝
]]>
</failure>
</testcase>
<testcase name="Authentication Flow › should show error for invalid credentials" classname="auth.spec.ts" time="0.005">
<failure message="auth.spec.ts:64:7 should show error for invalid credentials" type="FAILURE">
<![CDATA[  [chromium] › auth.spec.ts:64:7 › Authentication Flow › should show error for invalid credentials ─

    Error: browserType.launch: Executable doesn't exist at C:\Users\New User\AppData\Local\ms-playwright\chromium-1208\chrome-win64\chrome.exe
    ╔═════════════════════════════════════════════════════════════════════════╗
    ║ Looks like Playwright Test or Playwright was just installed or updated. ║
    ║ Please run the following command to download new browsers:              ║
    ║                                                                         ║
    ║     npx playwright install                                              ║
    ║                                                                         ║
    ║ <3 Playwright Team                                                      ║
    ╚═════════════════════════════════════════════════════════════════════════╝
]]>
</failure>
</testcase>
<testcase name="Authentication Flow › should handle logout" classname="auth.spec.ts" time="0.006">
<failure message="auth.spec.ts:76:7 should handle logout" type="FAILURE">
<![CDATA[  [chromium] › auth.spec.ts:76:7 › Authentication Flow › should handle logout ──────────────────────

    Error: browserType.launch: Executable doesn't exist at C:\Users\New User\AppData\Local\ms-playwright\chromium-1208\chrome-win64\chrome.exe
    ╔═════════════════════════════════════════════════════════════════════════╗
    ║ Looks like Playwright Test or Playwright was just installed or updated. ║
    ║ Please run the following command to download new browsers:              ║
    ║                                                                         ║
    ║     npx playwright install                                              ║
    ║                                                                         ║
    ║ <3 Playwright Team                                                      ║
    ╚═════════════════════════════════════════════════════════════════════════╝
]]>
</failure>
</testcase>
<testcase name="Authentication Flow › should maintain session across page reloads" classname="auth.spec.ts" time="0.005">
<failure message="auth.spec.ts:94:7 should maintain session across page reloads" type="FAILURE">
<![CDATA[  [chromium] › auth.spec.ts:94:7 › Authentication Flow › should maintain session across page reloads 

    Error: browserType.launch: Executable doesn't exist at C:\Users\New User\AppData\Local\ms-playwright\chromium-1208\chrome-win64\chrome.exe
    ╔═════════════════════════════════════════════════════════════════════════╗
    ║ Looks like Playwright Test or Playwright was just installed or updated. ║
    ║ Please run the following command to download new browsers:              ║
    ║                                                                         ║
    ║     npx playwright install                                              ║
    ║                                                                         ║
    ║ <3 Playwright Team                                                      ║
    ╚═════════════════════════════════════════════════════════════════════════╝
]]>
</failure>
</testcase>
</testsuite>
<testsuite name="campaigns.spec.ts" timestamp="2026-04-04T14:10:27.698Z" hostname="chromium" tests="9" failures="9" skipped="0" time="0.039" errors="0">
<testcase name="Campaigns Management › should display campaigns page with KPIs" classname="campaigns.spec.ts" time="0.004">
<failure message="campaigns.spec.ts:15:7 should display campaigns page with KPIs" type="FAILURE">
<![CDATA[  [chromium] › campaigns.spec.ts:15:7 › Campaigns Management › should display campaigns page with KPIs 

    Error: browserType.launch: Executable doesn't exist at C:\Users\New User\AppData\Local\ms-playwright\chromium-1208\chrome-win64\chrome.exe
    ╔═════════════════════════════════════════════════════════════════════════╗
    ║ Looks like Playwright Test or Playwright was just installed or updated. ║
    ║ Please run the following command to download new browsers:              ║
    ║                                                                         ║
    ║     npx playwright install                                              ║
    ║                                                                         ║
    ║ <3 Playwright Team                                                      ║
    ╚═════════════════════════════════════════════════════════════════════════╝
]]>
</failure>
</testcase>
<testcase name="Campaigns Management › should display campaign list" classname="campaigns.spec.ts" time="0.005">
<failure message="campaigns.spec.ts:28:7 should display campaign list" type="FAILURE">
<![CDATA[  [chromium] › campaigns.spec.ts:28:7 › Campaigns Management › should display campaign list ────────

    Error: browserType.launch: Executable doesn't exist at C:\Users\New User\AppData\Local\ms-playwright\chromium-1208\chrome-win64\chrome.exe
    ╔═════════════════════════════════════════════════════════════════════════╗
    ║ Looks like Playwright Test or Playwright was just installed or updated. ║
    ║ Please run the following command to download new browsers:              ║
    ║                                                                         ║
    ║     npx playwright install                                              ║
    ║                                                                         ║
    ║ <3 Playwright Team                                                      ║
    ╚═════════════════════════════════════════════════════════════════════════╝
]]>
</failure>
</testcase>
<testcase name="Campaigns Management › should create new campaign" classname="campaigns.spec.ts" time="0.003">
<failure message="campaigns.spec.ts:42:7 should create new campaign" type="FAILURE">
<![CDATA[  [chromium] › campaigns.spec.ts:42:7 › Campaigns Management › should create new campaign ──────────

    Error: browserType.launch: Executable doesn't exist at C:\Users\New User\AppData\Local\ms-playwright\chromium-1208\chrome-win64\chrome.exe
    ╔═════════════════════════════════════════════════════════════════════════╗
    ║ Looks like Playwright Test or Playwright was just installed or updated. ║
    ║ Please run the following command to download new browsers:              ║
    ║                                                                         ║
    ║     npx playwright install                                              ║
    ║                                                                         ║
    ║ <3 Playwright Team                                                      ║
    ╚═════════════════════════════════════════════════════════════════════════╝
]]>
</failure>
</testcase>
<testcase name="Campaigns Management › should validate campaign form" classname="campaigns.spec.ts" time="0.004">
<failure message="campaigns.spec.ts:68:7 should validate campaign form" type="FAILURE">
<![CDATA[  [chromium] › campaigns.spec.ts:68:7 › Campaigns Management › should validate campaign form ───────

    Error: browserType.launch: Executable doesn't exist at C:\Users\New User\AppData\Local\ms-playwright\chromium-1208\chrome-win64\chrome.exe
    ╔═════════════════════════════════════════════════════════════════════════╗
    ║ Looks like Playwright Test or Playwright was just installed or updated. ║
    ║ Please run the following command to download new browsers:              ║
    ║                                                                         ║
    ║     npx playwright install                                              ║
    ║                                                                         ║
    ║ <3 Playwright Team                                                      ║
    ╚═════════════════════════════════════════════════════════════════════════╝
]]>
</failure>
</testcase>
<testcase name="Campaigns Management › should filter campaigns by status" classname="campaigns.spec.ts" time="0.005">
<failure message="campaigns.spec.ts:80:7 should filter campaigns by status" type="FAILURE">
<![CDATA[  [chromium] › campaigns.spec.ts:80:7 › Campaigns Management › should filter campaigns by status ───

    Error: browserType.launch: Executable doesn't exist at C:\Users\New User\AppData\Local\ms-playwright\chromium-1208\chrome-win64\chrome.exe
    ╔═════════════════════════════════════════════════════════════════════════╗
    ║ Looks like Playwright Test or Playwright was just installed or updated. ║
    ║ Please run the following command to download new browsers:              ║
    ║                                                                         ║
    ║     npx playwright install                                              ║
    ║                                                                         ║
    ║ <3 Playwright Team                                                      ║
    ╚═════════════════════════════════════════════════════════════════════════╝
]]>
</failure>
</testcase>
<testcase name="Campaigns Management › should search campaigns" classname="campaigns.spec.ts" time="0.004">
<failure message="campaigns.spec.ts:101:7 should search campaigns" type="FAILURE">
<![CDATA[  [chromium] › campaigns.spec.ts:101:7 › Campaigns Management › should search campaigns ────────────

    Error: browserType.launch: Executable doesn't exist at C:\Users\New User\AppData\Local\ms-playwright\chromium-1208\chrome-win64\chrome.exe
    ╔═════════════════════════════════════════════════════════════════════════╗
    ║ Looks like Playwright Test or Playwright was just installed or updated. ║
    ║ Please run the following command to download new browsers:              ║
    ║                                                                         ║
    ║     npx playwright install                                              ║
    ║                                                                         ║
    ║ <3 Playwright Team                                                      ║
    ╚═════════════════════════════════════════════════════════════════════════╝
]]>
</failure>
</testcase>
<testcase name="Campaigns Management › should export campaigns" classname="campaigns.spec.ts" time="0.005">
<failure message="campaigns.spec.ts:121:7 should export campaigns" type="FAILURE">
<![CDATA[  [chromium] › campaigns.spec.ts:121:7 › Campaigns Management › should export campaigns ────────────

    Error: browserType.launch: Executable doesn't exist at C:\Users\New User\AppData\Local\ms-playwright\chromium-1208\chrome-win64\chrome.exe
    ╔═════════════════════════════════════════════════════════════════════════╗
    ║ Looks like Playwright Test or Playwright was just installed or updated. ║
    ║ Please run the following command to download new browsers:              ║
    ║                                                                         ║
    ║     npx playwright install                                              ║
    ║                                                                         ║
    ║ <3 Playwright Team                                                      ║
    ╚═════════════════════════════════════════════════════════════════════════╝
]]>
</failure>
</testcase>
<testcase name="Campaigns Management › should view campaign details" classname="campaigns.spec.ts" time="0.004">
<failure message="campaigns.spec.ts:132:7 should view campaign details" type="FAILURE">
<![CDATA[  [chromium] › campaigns.spec.ts:132:7 › Campaigns Management › should view campaign details ───────

    Error: browserType.launch: Executable doesn't exist at C:\Users\New User\AppData\Local\ms-playwright\chromium-1208\chrome-win64\chrome.exe
    ╔═════════════════════════════════════════════════════════════════════════╗
    ║ Looks like Playwright Test or Playwright was just installed or updated. ║
    ║ Please run the following command to download new browsers:              ║
    ║                                                                         ║
    ║     npx playwright install                                              ║
    ║                                                                         ║
    ║ <3 Playwright Team                                                      ║
    ╚═════════════════════════════════════════════════════════════════════════╝
]]>
</failure>
</testcase>
<testcase name="Campaigns Management › should handle campaign actions" classname="campaigns.spec.ts" time="0.005">
<failure message="campaigns.spec.ts:150:7 should handle campaign actions" type="FAILURE">
<![CDATA[  [chromium] › campaigns.spec.ts:150:7 › Campaigns Management › should handle campaign actions ─────

    Error: browserType.launch: Executable doesn't exist at C:\Users\New User\AppData\Local\ms-playwright\chromium-1208\chrome-win64\chrome.exe
    ╔═════════════════════════════════════════════════════════════════════════╗
    ║ Looks like Playwright Test or Playwright was just installed or updated. ║
    ║ Please run the following command to download new browsers:              ║
    ║                                                                         ║
    ║     npx playwright install                                              ║
    ║                                                                         ║
    ║ <3 Playwright Team                                                      ║
    ╚═════════════════════════════════════════════════════════════════════════╝
]]>
</failure>
</testcase>
</testsuite>
<testsuite name="auth.spec.ts" timestamp="2026-04-04T14:10:27.698Z" hostname="firefox" tests="8" failures="8" skipped="0" time="0.047" errors="0">
<testcase name="Authentication Flow › should redirect to login when accessing protected route" classname="auth.spec.ts" time="0.005">
<failure message="auth.spec.ts:10:7 should redirect to login when accessing protected route" type="FAILURE">
<![CDATA[  [firefox] › auth.spec.ts:10:7 › Authentication Flow › should redirect to login when accessing protected route 

    Error: browserType.launch: Executable doesn't exist at C:\Users\New User\AppData\Local\ms-playwright\firefox-1509\firefox\firefox.exe
    ╔═════════════════════════════════════════════════════════════════════════╗
    ║ Looks like Playwright Test or Playwright was just installed or updated. ║
    ║ Please run the following command to download new browsers:              ║
    ║                                                                         ║
    ║     npx playwright install                                              ║
    ║                                                                         ║
    ║ <3 Playwright Team                                                      ║
    ╚═════════════════════════════════════════════════════════════════════════╝
]]>
</failure>
</testcase>
<testcase name="Authentication Flow › should show login form elements" classname="auth.spec.ts" time="0.006">
<failure message="auth.spec.ts:19:7 should show login form elements" type="FAILURE">
<![CDATA[  [firefox] › auth.spec.ts:19:7 › Authentication Flow › should show login form elements ────────────

    Error: browserType.launch: Executable doesn't exist at C:\Users\New User\AppData\Local\ms-playwright\firefox-1509\firefox\firefox.exe
    ╔═════════════════════════════════════════════════════════════════════════╗
    ║ Looks like Playwright Test or Playwright was just installed or updated. ║
    ║ Please run the following command to download new browsers:              ║
    ║                                                                         ║
    ║     npx playwright install                                              ║
    ║                                                                         ║
    ║ <3 Playwright Team                                                      ║
    ╚═════════════════════════════════════════════════════════════════════════╝
]]>
</failure>
</testcase>
<testcase name="Authentication Flow › should validate email input" classname="auth.spec.ts" time="0.008">
<failure message="auth.spec.ts:28:7 should validate email input" type="FAILURE">
<![CDATA[  [firefox] › auth.spec.ts:28:7 › Authentication Flow › should validate email input ────────────────

    Error: browserType.launch: Executable doesn't exist at C:\Users\New User\AppData\Local\ms-playwright\firefox-1509\firefox\firefox.exe
    ╔═════════════════════════════════════════════════════════════════════════╗
    ║ Looks like Playwright Test or Playwright was just installed or updated. ║
    ║ Please run the following command to download new browsers:              ║
    ║                                                                         ║
    ║     npx playwright install                                              ║
    ║                                                                         ║
    ║ <3 Playwright Team                                                      ║
    ╚═════════════════════════════════════════════════════════════════════════╝
]]>
</failure>
</testcase>
<testcase name="Authentication Flow › should show error for empty fields" classname="auth.spec.ts" time="0.004">
<failure message="auth.spec.ts:40:7 should show error for empty fields" type="FAILURE">
<![CDATA[  [firefox] › auth.spec.ts:40:7 › Authentication Flow › should show error for empty fields ─────────

    Error: browserType.launch: Executable doesn't exist at C:\Users\New User\AppData\Local\ms-playwright\firefox-1509\firefox\firefox.exe
    ╔═════════════════════════════════════════════════════════════════════════╗
    ║ Looks like Playwright Test or Playwright was just installed or updated. ║
    ║ Please run the following command to download new browsers:              ║
    ║                                                                         ║
    ║     npx playwright install                                              ║
    ║                                                                         ║
    ║ <3 Playwright Team                                                      ║
    ╚═════════════════════════════════════════════════════════════════════════╝
]]>
</failure>
</testcase>
<testcase name="Authentication Flow › should handle login with demo credentials" classname="auth.spec.ts" time="0.005">
<failure message="auth.spec.ts:51:7 should handle login with demo credentials" type="FAILURE">
<![CDATA[  [firefox] › auth.spec.ts:51:7 › Authentication Flow › should handle login with demo credentials ──

    Error: browserType.launch: Executable doesn't exist at C:\Users\New User\AppData\Local\ms-playwright\firefox-1509\firefox\firefox.exe
    ╔═════════════════════════════════════════════════════════════════════════╗
    ║ Looks like Playwright Test or Playwright was just installed or updated. ║
    ║ Please run the following command to download new browsers:              ║
    ║                                                                         ║
    ║     npx playwright install                                              ║
    ║                                                                         ║
    ║ <3 Playwright Team                                                      ║
    ╚═════════════════════════════════════════════════════════════════════════╝
]]>
</failure>
</testcase>
<testcase name="Authentication Flow › should show error for invalid credentials" classname="auth.spec.ts" time="0.009">
<failure message="auth.spec.ts:64:7 should show error for invalid credentials" type="FAILURE">
<![CDATA[  [firefox] › auth.spec.ts:64:7 › Authentication Flow › should show error for invalid credentials ──

    Error: browserType.launch: Executable doesn't exist at C:\Users\New User\AppData\Local\ms-playwright\firefox-1509\firefox\firefox.exe
    ╔═════════════════════════════════════════════════════════════════════════╗
    ║ Looks like Playwright Test or Playwright was just installed or updated. ║
    ║ Please run the following command to download new browsers:              ║
    ║                                                                         ║
    ║     npx playwright install                                              ║
    ║                                                                         ║
    ║ <3 Playwright Team                                                      ║
    ╚═════════════════════════════════════════════════════════════════════════╝
]]>
</failure>
</testcase>
<testcase name="Authentication Flow › should handle logout" classname="auth.spec.ts" time="0.004">
<failure message="auth.spec.ts:76:7 should handle logout" type="FAILURE">
<![CDATA[  [firefox] › auth.spec.ts:76:7 › Authentication Flow › should handle logout ───────────────────────

    Error: browserType.launch: Executable doesn't exist at C:\Users\New User\AppData\Local\ms-playwright\firefox-1509\firefox\firefox.exe
    ╔═════════════════════════════════════════════════════════════════════════╗
    ║ Looks like Playwright Test or Playwright was just installed or updated. ║
    ║ Please run the following command to download new browsers:              ║
    ║                                                                         ║
    ║     npx playwright install                                              ║
    ║                                                                         ║
    ║ <3 Playwright Team                                                      ║
    ╚═════════════════════════════════════════════════════════════════════════╝
]]>
</failure>
</testcase>
<testcase name="Authentication Flow › should maintain session across page reloads" classname="auth.spec.ts" time="0.006">
<failure message="auth.spec.ts:94:7 should maintain session across page reloads" type="FAILURE">
<![CDATA[  [firefox] › auth.spec.ts:94:7 › Authentication Flow › should maintain session across page reloads 

    Error: browserType.launch: Executable doesn't exist at C:\Users\New User\AppData\Local\ms-playwright\firefox-1509\firefox\firefox.exe
    ╔═════════════════════════════════════════════════════════════════════════╗
    ║ Looks like Playwright Test or Playwright was just installed or updated. ║
    ║ Please run the following command to download new browsers:              ║
    ║                                                                         ║
    ║     npx playwright install                                              ║
    ║                                                                         ║
    ║ <3 Playwright Team                                                      ║
    ╚═════════════════════════════════════════════════════════════════════════╝
]]>
</failure>
</testcase>
</testsuite>
<testsuite name="campaigns.spec.ts" timestamp="2026-04-04T14:10:27.698Z" hostname="firefox" tests="9" failures="9" skipped="0" time="0.04" errors="0">
<testcase name="Campaigns Management › should display campaigns page with KPIs" classname="campaigns.spec.ts" time="0.004">
<failure message="campaigns.spec.ts:15:7 should display campaigns page with KPIs" type="FAILURE">
<![CDATA[  [firefox] › campaigns.spec.ts:15:7 › Campaigns Management › should display campaigns page with KPIs 

    Error: browserType.launch: Executable doesn't exist at C:\Users\New User\AppData\Local\ms-playwright\firefox-1509\firefox\firefox.exe
    ╔═════════════════════════════════════════════════════════════════════════╗
    ║ Looks like Playwright Test or Playwright was just installed or updated. ║
    ║ Please run the following command to download new browsers:              ║
    ║                                                                         ║
    ║     npx playwright install                                              ║
    ║                                                                         ║
    ║ <3 Playwright Team                                                      ║
    ╚═════════════════════════════════════════════════════════════════════════╝
]]>
</failure>
</testcase>
<testcase name="Campaigns Management › should display campaign list" classname="campaigns.spec.ts" time="0.003">
<failure message="campaigns.spec.ts:28:7 should display campaign list" type="FAILURE">
<![CDATA[  [firefox] › campaigns.spec.ts:28:7 › Campaigns Management › should display campaign list ─────────

    Error: browserType.launch: Executable doesn't exist at C:\Users\New User\AppData\Local\ms-playwright\firefox-1509\firefox\firefox.exe
    ╔═════════════════════════════════════════════════════════════════════════╗
    ║ Looks like Playwright Test or Playwright was just installed or updated. ║
    ║ Please run the following command to download new browsers:              ║
    ║                                                                         ║
    ║     npx playwright install                                              ║
    ║                                                                         ║
    ║ <3 Playwright Team                                                      ║
    ╚═════════════════════════════════════════════════════════════════════════╝
]]>
</failure>
</testcase>
<testcase name="Campaigns Management › should create new campaign" classname="campaigns.spec.ts" time="0.004">
<failure message="campaigns.spec.ts:42:7 should create new campaign" type="FAILURE">
<![CDATA[  [firefox] › campaigns.spec.ts:42:7 › Campaigns Management › should create new campaign ───────────

    Error: browserType.launch: Executable doesn't exist at C:\Users\New User\AppData\Local\ms-playwright\firefox-1509\firefox\firefox.exe
    ╔═════════════════════════════════════════════════════════════════════════╗
    ║ Looks like Playwright Test or Playwright was just installed or updated. ║
    ║ Please run the following command to download new browsers:              ║
    ║                                                                         ║
    ║     npx playwright install                                              ║
    ║                                                                         ║
    ║ <3 Playwright Team                                                      ║
    ╚═════════════════════════════════════════════════════════════════════════╝
]]>
</failure>
</testcase>
<testcase name="Campaigns Management › should validate campaign form" classname="campaigns.spec.ts" time="0.004">
<failure message="campaigns.spec.ts:68:7 should validate campaign form" type="FAILURE">
<![CDATA[  [firefox] › campaigns.spec.ts:68:7 › Campaigns Management › should validate campaign form ────────

    Error: browserType.launch: Executable doesn't exist at C:\Users\New User\AppData\Local\ms-playwright\firefox-1509\firefox\firefox.exe
    ╔═════════════════════════════════════════════════════════════════════════╗
    ║ Looks like Playwright Test or Playwright was just installed or updated. ║
    ║ Please run the following command to download new browsers:              ║
    ║                                                                         ║
    ║     npx playwright install                                              ║
    ║                                                                         ║
    ║ <3 Playwright Team                                                      ║
    ╚═════════════════════════════════════════════════════════════════════════╝
]]>
</failure>
</testcase>
<testcase name="Campaigns Management › should filter campaigns by status" classname="campaigns.spec.ts" time="0.005">
<failure message="campaigns.spec.ts:80:7 should filter campaigns by status" type="FAILURE">
<![CDATA[  [firefox] › campaigns.spec.ts:80:7 › Campaigns Management › should filter campaigns by status ────

    Error: browserType.launch: Executable doesn't exist at C:\Users\New User\AppData\Local\ms-playwright\firefox-1509\firefox\firefox.exe
    ╔═════════════════════════════════════════════════════════════════════════╗
    ║ Looks like Playwright Test or Playwright was just installed or updated. ║
    ║ Please run the following command to download new browsers:              ║
    ║                                                                         ║
    ║     npx playwright install                                              ║
    ║                                                                         ║
    ║ <3 Playwright Team                                                      ║
    ╚═════════════════════════════════════════════════════════════════════════╝
]]>
</failure>
</testcase>
<testcase name="Campaigns Management › should search campaigns" classname="campaigns.spec.ts" time="0.004">
<failure message="campaigns.spec.ts:101:7 should search campaigns" type="FAILURE">
<![CDATA[  [firefox] › campaigns.spec.ts:101:7 › Campaigns Management › should search campaigns ─────────────

    Error: browserType.launch: Executable doesn't exist at C:\Users\New User\AppData\Local\ms-playwright\firefox-1509\firefox\firefox.exe
    ╔═════════════════════════════════════════════════════════════════════════╗
    ║ Looks like Playwright Test or Playwright was just installed or updated. ║
    ║ Please run the following command to download new browsers:              ║
    ║                                                                         ║
    ║     npx playwright install                                              ║
    ║                                                                         ║
    ║ <3 Playwright Team                                                      ║
    ╚═════════════════════════════════════════════════════════════════════════╝
]]>
</failure>
</testcase>
<testcase name="Campaigns Management › should export campaigns" classname="campaigns.spec.ts" time="0.007">
<failure message="campaigns.spec.ts:121:7 should export campaigns" type="FAILURE">
<![CDATA[  [firefox] › campaigns.spec.ts:121:7 › Campaigns Management › should export campaigns ─────────────

    Error: browserType.launch: Executable doesn't exist at C:\Users\New User\AppData\Local\ms-playwright\firefox-1509\firefox\firefox.exe
    ╔═════════════════════════════════════════════════════════════════════════╗
    ║ Looks like Playwright Test or Playwright was just installed or updated. ║
    ║ Please run the following command to download new browsers:              ║
    ║                                                                         ║
    ║     npx playwright install                                              ║
    ║                                                                         ║
    ║ <3 Playwright Team                                                      ║
    ╚═════════════════════════════════════════════════════════════════════════╝
]]>
</failure>
</testcase>
<testcase name="Campaigns Management › should view campaign details" classname="campaigns.spec.ts" time="0.004">
<failure message="campaigns.spec.ts:132:7 should view campaign details" type="FAILURE">
<![CDATA[  [firefox] › campaigns.spec.ts:132:7 › Campaigns Management › should view campaign details ────────

    Error: browserType.launch: Executable doesn't exist at C:\Users\New User\AppData\Local\ms-playwright\firefox-1509\firefox\firefox.exe
    ╔═════════════════════════════════════════════════════════════════════════╗
    ║ Looks like Playwright Test or Playwright was just installed or updated. ║
    ║ Please run the following command to download new browsers:              ║
    ║                                                                         ║
    ║     npx playwright install                                              ║
    ║                                                                         ║
    ║ <3 Playwright Team                                                      ║
    ╚═════════════════════════════════════════════════════════════════════════╝
]]>
</failure>
</testcase>
<testcase name="Campaigns Management › should handle campaign actions" classname="campaigns.spec.ts" time="0.005">
<failure message="campaigns.spec.ts:150:7 should handle campaign actions" type="FAILURE">
<![CDATA[  [firefox] › campaigns.spec.ts:150:7 › Campaigns Management › should handle campaign actions ──────

    Error: browserType.launch: Executable doesn't exist at C:\Users\New User\AppData\Local\ms-playwright\firefox-1509\firefox\firefox.exe
    ╔═════════════════════════════════════════════════════════════════════════╗
    ║ Looks like Playwright Test or Playwright was just installed or updated. ║
    ║ Please run the following command to download new browsers:              ║
    ║                                                                         ║
    ║     npx playwright install                                              ║
    ║                                                                         ║
    ║ <3 Playwright Team                                                      ║
    ╚═════════════════════════════════════════════════════════════════════════╝
]]>
</failure>
</testcase>
</testsuite>
<testsuite name="auth.spec.ts" timestamp="2026-04-04T14:10:27.698Z" hostname="webkit" tests="8" failures="8" skipped="0" time="0.044" errors="0">
<testcase name="Authentication Flow › should redirect to login when accessing protected route" classname="auth.spec.ts" time="0.007">
<failure message="auth.spec.ts:10:7 should redirect to login when accessing protected route" type="FAILURE">
<![CDATA[  [webkit] › auth.spec.ts:10:7 › Authentication Flow › should redirect to login when accessing protected route 

    Error: browserType.launch: Executable doesn't exist at C:\Users\New User\AppData\Local\ms-playwright\webkit-2248\Playwright.exe
    ╔═════════════════════════════════════════════════════════════════════════╗
    ║ Looks like Playwright Test or Playwright was just installed or updated. ║
    ║ Please run the following command to download new browsers:              ║
    ║                                                                         ║
    ║     npx playwright install                                              ║
    ║                                                                         ║
    ║ <3 Playwright Team                                                      ║
    ╚═════════════════════════════════════════════════════════════════════════╝
]]>
</failure>
</testcase>
<testcase name="Authentication Flow › should show login form elements" classname="auth.spec.ts" time="0.005">
<failure message="auth.spec.ts:19:7 should show login form elements" type="FAILURE">
<![CDATA[  [webkit] › auth.spec.ts:19:7 › Authentication Flow › should show login form elements ─────────────

    Error: browserType.launch: Executable doesn't exist at C:\Users\New User\AppData\Local\ms-playwright\webkit-2248\Playwright.exe
    ╔═════════════════════════════════════════════════════════════════════════╗
    ║ Looks like Playwright Test or Playwright was just installed or updated. ║
    ║ Please run the following command to download new browsers:              ║
    ║                                                                         ║
    ║     npx playwright install                                              ║
    ║                                                                         ║
    ║ <3 Playwright Team                                                      ║
    ╚═════════════════════════════════════════════════════════════════════════╝
]]>
</failure>
</testcase>
<testcase name="Authentication Flow › should validate email input" classname="auth.spec.ts" time="0.006">
<failure message="auth.spec.ts:28:7 should validate email input" type="FAILURE">
<![CDATA[  [webkit] › auth.spec.ts:28:7 › Authentication Flow › should validate email input ─────────────────

    Error: browserType.launch: Executable doesn't exist at C:\Users\New User\AppData\Local\ms-playwright\webkit-2248\Playwright.exe
    ╔═════════════════════════════════════════════════════════════════════════╗
    ║ Looks like Playwright Test or Playwright was just installed or updated. ║
    ║ Please run the following command to download new browsers:              ║
    ║                                                                         ║
    ║     npx playwright install                                              ║
    ║                                                                         ║
    ║ <3 Playwright Team                                                      ║
    ╚═════════════════════════════════════════════════════════════════════════╝
]]>
</failure>
</testcase>
<testcase name="Authentication Flow › should show error for empty fields" classname="auth.spec.ts" time="0.004">
<failure message="auth.spec.ts:40:7 should show error for empty fields" type="FAILURE">
<![CDATA[  [webkit] › auth.spec.ts:40:7 › Authentication Flow › should show error for empty fields ──────────

    Error: browserType.launch: Executable doesn't exist at C:\Users\New User\AppData\Local\ms-playwright\webkit-2248\Playwright.exe
    ╔═════════════════════════════════════════════════════════════════════════╗
    ║ Looks like Playwright Test or Playwright was just installed or updated. ║
    ║ Please run the following command to download new browsers:              ║
    ║                                                                         ║
    ║     npx playwright install                                              ║
    ║                                                                         ║
    ║ <3 Playwright Team                                                      ║
    ╚═════════════════════════════════════════════════════════════════════════╝
]]>
</failure>
</testcase>
<testcase name="Authentication Flow › should handle login with demo credentials" classname="auth.spec.ts" time="0.004">
<failure message="auth.spec.ts:51:7 should handle login with demo credentials" type="FAILURE">
<![CDATA[  [webkit] › auth.spec.ts:51:7 › Authentication Flow › should handle login with demo credentials ───

    Error: browserType.launch: Executable doesn't exist at C:\Users\New User\AppData\Local\ms-playwright\webkit-2248\Playwright.exe
    ╔═════════════════════════════════════════════════════════════════════════╗
    ║ Looks like Playwright Test or Playwright was just installed or updated. ║
    ║ Please run the following command to download new browsers:              ║
    ║                                                                         ║
    ║     npx playwright install                                              ║
    ║                                                                         ║
    ║ <3 Playwright Team                                                      ║
    ╚═════════════════════════════════════════════════════════════════════════╝
]]>
</failure>
</testcase>
<testcase name="Authentication Flow › should show error for invalid credentials" classname="auth.spec.ts" time="0.004">
<failure message="auth.spec.ts:64:7 should show error for invalid credentials" type="FAILURE">
<![CDATA[  [webkit] › auth.spec.ts:64:7 › Authentication Flow › should show error for invalid credentials ───

    Error: browserType.launch: Executable doesn't exist at C:\Users\New User\AppData\Local\ms-playwright\webkit-2248\Playwright.exe
    ╔═════════════════════════════════════════════════════════════════════════╗
    ║ Looks like Playwright Test or Playwright was just installed or updated. ║
    ║ Please run the following command to download new browsers:              ║
    ║                                                                         ║
    ║     npx playwright install                                              ║
    ║                                                                         ║
    ║ <3 Playwright Team                                                      ║
    ╚═════════════════════════════════════════════════════════════════════════╝
]]>
</failure>
</testcase>
<testcase name="Authentication Flow › should handle logout" classname="auth.spec.ts" time="0.006">
<failure message="auth.spec.ts:76:7 should handle logout" type="FAILURE">
<![CDATA[  [webkit] › auth.spec.ts:76:7 › Authentication Flow › should handle logout ────────────────────────

    Error: browserType.launch: Executable doesn't exist at C:\Users\New User\AppData\Local\ms-playwright\webkit-2248\Playwright.exe
    ╔═════════════════════════════════════════════════════════════════════════╗
    ║ Looks like Playwright Test or Playwright was just installed or updated. ║
    ║ Please run the following command to download new browsers:              ║
    ║                                                                         ║
    ║     npx playwright install                                              ║
    ║                                                                         ║
    ║ <3 Playwright Team                                                      ║
    ╚═════════════════════════════════════════════════════════════════════════╝
]]>
</failure>
</testcase>
<testcase name="Authentication Flow › should maintain session across page reloads" classname="auth.spec.ts" time="0.008">
<failure message="auth.spec.ts:94:7 should maintain session across page reloads" type="FAILURE">
<![CDATA[  [webkit] › auth.spec.ts:94:7 › Authentication Flow › should maintain session across page reloads ─

    Error: browserType.launch: Executable doesn't exist at C:\Users\New User\AppData\Local\ms-playwright\webkit-2248\Playwright.exe
    ╔═════════════════════════════════════════════════════════════════════════╗
    ║ Looks like Playwright Test or Playwright was just installed or updated. ║
    ║ Please run the following command to download new browsers:              ║
    ║                                                                         ║
    ║     npx playwright install                                              ║
    ║                                                                         ║
    ║ <3 Playwright Team                                                      ║
    ╚═════════════════════════════════════════════════════════════════════════╝
]]>
</failure>
</testcase>
</testsuite>
<testsuite name="campaigns.spec.ts" timestamp="2026-04-04T14:10:27.698Z" hostname="webkit" tests="9" failures="9" skipped="0" time="0.042" errors="0">
<testcase name="Campaigns Management › should display campaigns page with KPIs" classname="campaigns.spec.ts" time="0.005">
<failure message="campaigns.spec.ts:15:7 should display campaigns page with KPIs" type="FAILURE">
<![CDATA[  [webkit] › campaigns.spec.ts:15:7 › Campaigns Management › should display campaigns page with KPIs 

    Error: browserType.launch: Executable doesn't exist at C:\Users\New User\AppData\Local\ms-playwright\webkit-2248\Playwright.exe
    ╔═════════════════════════════════════════════════════════════════════════╗
    ║ Looks like Playwright Test or Playwright was just installed or updated. ║
    ║ Please run the following command to download new browsers:              ║
    ║                                                                         ║
    ║     npx playwright install                                              ║
    ║                                                                         ║
    ║ <3 Playwright Team                                                      ║
    ╚═════════════════════════════════════════════════════════════════════════╝
]]>
</failure>
</testcase>
<testcase name="Campaigns Management › should display campaign list" classname="campaigns.spec.ts" time="0.004">
<failure message="campaigns.spec.ts:28:7 should display campaign list" type="FAILURE">
<![CDATA[  [webkit] › campaigns.spec.ts:28:7 › Campaigns Management › should display campaign list ──────────

    Error: browserType.launch: Executable doesn't exist at C:\Users\New User\AppData\Local\ms-playwright\webkit-2248\Playwright.exe
    ╔═════════════════════════════════════════════════════════════════════════╗
    ║ Looks like Playwright Test or Playwright was just installed or updated. ║
    ║ Please run the following command to download new browsers:              ║
    ║                                                                         ║
    ║     npx playwright install                                              ║
    ║                                                                         ║
    ║ <3 Playwright Team                                                      ║
    ╚═════════════════════════════════════════════════════════════════════════╝
]]>
</failure>
</testcase>
<testcase name="Campaigns Management › should create new campaign" classname="campaigns.spec.ts" time="0.004">
<failure message="campaigns.spec.ts:42:7 should create new campaign" type="FAILURE">
<![CDATA[  [webkit] › campaigns.spec.ts:42:7 › Campaigns Management › should create new campaign ────────────

    Error: browserType.launch: Executable doesn't exist at C:\Users\New User\AppData\Local\ms-playwright\webkit-2248\Playwright.exe
    ╔═════════════════════════════════════════════════════════════════════════╗
    ║ Looks like Playwright Test or Playwright was just installed or updated. ║
    ║ Please run the following command to download new browsers:              ║
    ║                                                                         ║
    ║     npx playwright install                                              ║
    ║                                                                         ║
    ║ <3 Playwright Team                                                      ║
    ╚═════════════════════════════════════════════════════════════════════════╝
]]>
</failure>
</testcase>
<testcase name="Campaigns Management › should validate campaign form" classname="campaigns.spec.ts" time="0.005">
<failure message="campaigns.spec.ts:68:7 should validate campaign form" type="FAILURE">
<![CDATA[  [webkit] › campaigns.spec.ts:68:7 › Campaigns Management › should validate campaign form ─────────

    Error: browserType.launch: Executable doesn't exist at C:\Users\New User\AppData\Local\ms-playwright\webkit-2248\Playwright.exe
    ╔═════════════════════════════════════════════════════════════════════════╗
    ║ Looks like Playwright Test or Playwright was just installed or updated. ║
    ║ Please run the following command to download new browsers:              ║
    ║                                                                         ║
    ║     npx playwright install                                              ║
    ║                                                                         ║
    ║ <3 Playwright Team                                                      ║
    ╚═════════════════════════════════════════════════════════════════════════╝
]]>
</failure>
</testcase>
<testcase name="Campaigns Management › should filter campaigns by status" classname="campaigns.spec.ts" time="0.007">
<failure message="campaigns.spec.ts:80:7 should filter campaigns by status" type="FAILURE">
<![CDATA[  [webkit] › campaigns.spec.ts:80:7 › Campaigns Management › should filter campaigns by status ─────

    Error: browserType.launch: Executable doesn't exist at C:\Users\New User\AppData\Local\ms-playwright\webkit-2248\Playwright.exe
    ╔═════════════════════════════════════════════════════════════════════════╗
    ║ Looks like Playwright Test or Playwright was just installed or updated. ║
    ║ Please run the following command to download new browsers:              ║
    ║                                                                         ║
    ║     npx playwright install                                              ║
    ║                                                                         ║
    ║ <3 Playwright Team                                                      ║
    ╚═════════════════════════════════════════════════════════════════════════╝
]]>
</failure>
</testcase>
<testcase name="Campaigns Management › should search campaigns" classname="campaigns.spec.ts" time="0.004">
<failure message="campaigns.spec.ts:101:7 should search campaigns" type="FAILURE">
<![CDATA[  [webkit] › campaigns.spec.ts:101:7 › Campaigns Management › should search campaigns ──────────────

    Error: browserType.launch: Executable doesn't exist at C:\Users\New User\AppData\Local\ms-playwright\webkit-2248\Playwright.exe
    ╔═════════════════════════════════════════════════════════════════════════╗
    ║ Looks like Playwright Test or Playwright was just installed or updated. ║
    ║ Please run the following command to download new browsers:              ║
    ║                                                                         ║
    ║     npx playwright install                                              ║
    ║                                                                         ║
    ║ <3 Playwright Team                                                      ║
    ╚═════════════════════════════════════════════════════════════════════════╝
]]>
</failure>
</testcase>
<testcase name="Campaigns Management › should export campaigns" classname="campaigns.spec.ts" time="0.004">
<failure message="campaigns.spec.ts:121:7 should export campaigns" type="FAILURE">
<![CDATA[  [webkit] › campaigns.spec.ts:121:7 › Campaigns Management › should export campaigns ──────────────

    Error: browserType.launch: Executable doesn't exist at C:\Users\New User\AppData\Local\ms-playwright\webkit-2248\Playwright.exe
    ╔═════════════════════════════════════════════════════════════════════════╗
    ║ Looks like Playwright Test or Playwright was just installed or updated. ║
    ║ Please run the following command to download new browsers:              ║
    ║                                                                         ║
    ║     npx playwright install                                              ║
    ║                                                                         ║
    ║ <3 Playwright Team                                                      ║
    ╚═════════════════════════════════════════════════════════════════════════╝
]]>
</failure>
</testcase>
<testcase name="Campaigns Management › should view campaign details" classname="campaigns.spec.ts" time="0.005">
<failure message="campaigns.spec.ts:132:7 should view campaign details" type="FAILURE">
<![CDATA[  [webkit] › campaigns.spec.ts:132:7 › Campaigns Management › should view campaign details ─────────

    Error: browserType.launch: Executable doesn't exist at C:\Users\New User\AppData\Local\ms-playwright\webkit-2248\Playwright.exe
    ╔═════════════════════════════════════════════════════════════════════════╗
    ║ Looks like Playwright Test or Playwright was just installed or updated. ║
    ║ Please run the following command to download new browsers:              ║
    ║                                                                         ║
    ║     npx playwright install                                              ║
    ║                                                                         ║
    ║ <3 Playwright Team                                                      ║
    ╚═════════════════════════════════════════════════════════════════════════╝
]]>
</failure>
</testcase>
<testcase name="Campaigns Management › should handle campaign actions" classname="campaigns.spec.ts" time="0.004">
<failure message="campaigns.spec.ts:150:7 should handle campaign actions" type="FAILURE">
<![CDATA[  [webkit] › campaigns.spec.ts:150:7 › Campaigns Management › should handle campaign actions ───────

    Error: browserType.launch: Executable doesn't exist at C:\Users\New User\AppData\Local\ms-playwright\webkit-2248\Playwright.exe
    ╔═════════════════════════════════════════════════════════════════════════╗
    ║ Looks like Playwright Test or Playwright was just installed or updated. ║
    ║ Please run the following command to download new browsers:              ║
    ║                                                                         ║
    ║     npx playwright install                                              ║
    ║                                                                         ║
    ║ <3 Playwright Team                                                      ║
    ╚═════════════════════════════════════════════════════════════════════════╝
]]>
</failure>
</testcase>
</testsuite>
<testsuite name="auth.spec.ts" timestamp="2026-04-04T14:10:27.698Z" hostname="Mobile Chrome" tests="8" failures="8" skipped="0" time="0.033" errors="0">
<testcase name="Authentication Flow › should redirect to login when accessing protected route" classname="auth.spec.ts" time="0.004">
<failure message="auth.spec.ts:10:7 should redirect to login when accessing protected route" type="FAILURE">
<![CDATA[  [Mobile Chrome] › auth.spec.ts:10:7 › Authentication Flow › should redirect to login when accessing protected route 

    Error: browserType.launch: Executable doesn't exist at C:\Users\New User\AppData\Local\ms-playwright\chromium-1208\chrome-win64\chrome.exe
    ╔═════════════════════════════════════════════════════════════════════════╗
    ║ Looks like Playwright Test or Playwright was just installed or updated. ║
    ║ Please run the following command to download new browsers:              ║
    ║                                                                         ║
    ║     npx playwright install                                              ║
    ║                                                                         ║
    ║ <3 Playwright Team                                                      ║
    ╚═════════════════════════════════════════════════════════════════════════╝
]]>
</failure>
</testcase>
<testcase name="Authentication Flow › should show login form elements" classname="auth.spec.ts" time="0.006">
<failure message="auth.spec.ts:19:7 should show login form elements" type="FAILURE">
<![CDATA[  [Mobile Chrome] › auth.spec.ts:19:7 › Authentication Flow › should show login form elements ──────

    Error: browserType.launch: Executable doesn't exist at C:\Users\New User\AppData\Local\ms-playwright\chromium-1208\chrome-win64\chrome.exe
    ╔═════════════════════════════════════════════════════════════════════════╗
    ║ Looks like Playwright Test or Playwright was just installed or updated. ║
    ║ Please run the following command to download new browsers:              ║
    ║                                                                         ║
    ║     npx playwright install                                              ║
    ║                                                                         ║
    ║ <3 Playwright Team                                                      ║
    ╚═════════════════════════════════════════════════════════════════════════╝
]]>
</failure>
</testcase>
<testcase name="Authentication Flow › should validate email input" classname="auth.spec.ts" time="0.004">
<failure message="auth.spec.ts:28:7 should validate email input" type="FAILURE">
<![CDATA[  [Mobile Chrome] › auth.spec.ts:28:7 › Authentication Flow › should validate email input ──────────

    Error: browserType.launch: Executable doesn't exist at C:\Users\New User\AppData\Local\ms-playwright\chromium-1208\chrome-win64\chrome.exe
    ╔═════════════════════════════════════════════════════════════════════════╗
    ║ Looks like Playwright Test or Playwright was just installed or updated. ║
    ║ Please run the following command to download new browsers:              ║
    ║                                                                         ║
    ║     npx playwright install                                              ║
    ║                                                                         ║
    ║ <3 Playwright Team                                                      ║
    ╚═════════════════════════════════════════════════════════════════════════╝
]]>
</failure>
</testcase>
<testcase name="Authentication Flow › should show error for empty fields" classname="auth.spec.ts" time="0.004">
<failure message="auth.spec.ts:40:7 should show error for empty fields" type="FAILURE">
<![CDATA[  [Mobile Chrome] › auth.spec.ts:40:7 › Authentication Flow › should show error for empty fields ───

    Error: browserType.launch: Executable doesn't exist at C:\Users\New User\AppData\Local\ms-playwright\chromium-1208\chrome-win64\chrome.exe
    ╔═════════════════════════════════════════════════════════════════════════╗
    ║ Looks like Playwright Test or Playwright was just installed or updated. ║
    ║ Please run the following command to download new browsers:              ║
    ║                                                                         ║
    ║     npx playwright install                                              ║
    ║                                                                         ║
    ║ <3 Playwright Team                                                      ║
    ╚═════════════════════════════════════════════════════════════════════════╝
]]>
</failure>
</testcase>
<testcase name="Authentication Flow › should handle login with demo credentials" classname="auth.spec.ts" time="0.003">
<failure message="auth.spec.ts:51:7 should handle login with demo credentials" type="FAILURE">
<![CDATA[  [Mobile Chrome] › auth.spec.ts:51:7 › Authentication Flow › should handle login with demo credentials 

    Error: browserType.launch: Executable doesn't exist at C:\Users\New User\AppData\Local\ms-playwright\chromium-1208\chrome-win64\chrome.exe
    ╔═════════════════════════════════════════════════════════════════════════╗
    ║ Looks like Playwright Test or Playwright was just installed or updated. ║
    ║ Please run the following command to download new browsers:              ║
    ║                                                                         ║
    ║     npx playwright install                                              ║
    ║                                                                         ║
    ║ <3 Playwright Team                                                      ║
    ╚═════════════════════════════════════════════════════════════════════════╝
]]>
</failure>
</testcase>
<testcase name="Authentication Flow › should show error for invalid credentials" classname="auth.spec.ts" time="0.004">
<failure message="auth.spec.ts:64:7 should show error for invalid credentials" type="FAILURE">
<![CDATA[  [Mobile Chrome] › auth.spec.ts:64:7 › Authentication Flow › should show error for invalid credentials 

    Error: browserType.launch: Executable doesn't exist at C:\Users\New User\AppData\Local\ms-playwright\chromium-1208\chrome-win64\chrome.exe
    ╔═════════════════════════════════════════════════════════════════════════╗
    ║ Looks like Playwright Test or Playwright was just installed or updated. ║
    ║ Please run the following command to download new browsers:              ║
    ║                                                                         ║
    ║     npx playwright install                                              ║
    ║                                                                         ║
    ║ <3 Playwright Team                                                      ║
    ╚═════════════════════════════════════════════════════════════════════════╝
]]>
</failure>
</testcase>
<testcase name="Authentication Flow › should handle logout" classname="auth.spec.ts" time="0.005">
<failure message="auth.spec.ts:76:7 should handle logout" type="FAILURE">
<![CDATA[  [Mobile Chrome] › auth.spec.ts:76:7 › Authentication Flow › should handle logout ─────────────────

    Error: browserType.launch: Executable doesn't exist at C:\Users\New User\AppData\Local\ms-playwright\chromium-1208\chrome-win64\chrome.exe
    ╔═════════════════════════════════════════════════════════════════════════╗
    ║ Looks like Playwright Test or Playwright was just installed or updated. ║
    ║ Please run the following command to download new browsers:              ║
    ║                                                                         ║
    ║     npx playwright install                                              ║
    ║                                                                         ║
    ║ <3 Playwright Team                                                      ║
    ╚═════════════════════════════════════════════════════════════════════════╝
]]>
</failure>
</testcase>
<testcase name="Authentication Flow › should maintain session across page reloads" classname="auth.spec.ts" time="0.003">
<failure message="auth.spec.ts:94:7 should maintain session across page reloads" type="FAILURE">
<![CDATA[  [Mobile Chrome] › auth.spec.ts:94:7 › Authentication Flow › should maintain session across page reloads 

    Error: browserType.launch: Executable doesn't exist at C:\Users\New User\AppData\Local\ms-playwright\chromium-1208\chrome-win64\chrome.exe
    ╔═════════════════════════════════════════════════════════════════════════╗
    ║ Looks like Playwright Test or Playwright was just installed or updated. ║
    ║ Please run the following command to download new browsers:              ║
    ║                                                                         ║
    ║     npx playwright install                                              ║
    ║                                                                         ║
    ║ <3 Playwright Team                                                      ║
    ╚═════════════════════════════════════════════════════════════════════════╝
]]>
</failure>
</testcase>
</testsuite>
<testsuite name="campaigns.spec.ts" timestamp="2026-04-04T14:10:27.698Z" hostname="Mobile Chrome" tests="9" failures="9" skipped="0" time="0.041" errors="0">
<testcase name="Campaigns Management › should display campaigns page with KPIs" classname="campaigns.spec.ts" time="0.004">
<failure message="campaigns.spec.ts:15:7 should display campaigns page with KPIs" type="FAILURE">
<![CDATA[  [Mobile Chrome] › campaigns.spec.ts:15:7 › Campaigns Management › should display campaigns page with KPIs 

    Error: browserType.launch: Executable doesn't exist at C:\Users\New User\AppData\Local\ms-playwright\chromium-1208\chrome-win64\chrome.exe
    ╔═════════════════════════════════════════════════════════════════════════╗
    ║ Looks like Playwright Test or Playwright was just installed or updated. ║
    ║ Please run the following command to download new browsers:              ║
    ║                                                                         ║
    ║     npx playwright install                                              ║
    ║                                                                         ║
    ║ <3 Playwright Team                                                      ║
    ╚═════════════════════════════════════════════════════════════════════════╝
]]>
</failure>
</testcase>
<testcase name="Campaigns Management › should display campaign list" classname="campaigns.spec.ts" time="0.008">
<failure message="campaigns.spec.ts:28:7 should display campaign list" type="FAILURE">
<![CDATA[  [Mobile Chrome] › campaigns.spec.ts:28:7 › Campaigns Management › should display campaign list ───

    Error: browserType.launch: Executable doesn't exist at C:\Users\New User\AppData\Local\ms-playwright\chromium-1208\chrome-win64\chrome.exe
    ╔═════════════════════════════════════════════════════════════════════════╗
    ║ Looks like Playwright Test or Playwright was just installed or updated. ║
    ║ Please run the following command to download new browsers:              ║
    ║                                                                         ║
    ║     npx playwright install                                              ║
    ║                                                                         ║
    ║ <3 Playwright Team                                                      ║
    ╚═════════════════════════════════════════════════════════════════════════╝
]]>
</failure>
</testcase>
<testcase name="Campaigns Management › should create new campaign" classname="campaigns.spec.ts" time="0.004">
<failure message="campaigns.spec.ts:42:7 should create new campaign" type="FAILURE">
<![CDATA[  [Mobile Chrome] › campaigns.spec.ts:42:7 › Campaigns Management › should create new campaign ─────

    Error: browserType.launch: Executable doesn't exist at C:\Users\New User\AppData\Local\ms-playwright\chromium-1208\chrome-win64\chrome.exe
    ╔═════════════════════════════════════════════════════════════════════════╗
    ║ Looks like Playwright Test or Playwright was just installed or updated. ║
    ║ Please run the following command to download new browsers:              ║
    ║                                                                         ║
    ║     npx playwright install                                              ║
    ║                                                                         ║
    ║ <3 Playwright Team                                                      ║
    ╚═════════════════════════════════════════════════════════════════════════╝
]]>
</failure>
</testcase>
<testcase name="Campaigns Management › should validate campaign form" classname="campaigns.spec.ts" time="0.004">
<failure message="campaigns.spec.ts:68:7 should validate campaign form" type="FAILURE">
<![CDATA[  [Mobile Chrome] › campaigns.spec.ts:68:7 › Campaigns Management › should validate campaign form ──

    Error: browserType.launch: Executable doesn't exist at C:\Users\New User\AppData\Local\ms-playwright\chromium-1208\chrome-win64\chrome.exe
    ╔═════════════════════════════════════════════════════════════════════════╗
    ║ Looks like Playwright Test or Playwright was just installed or updated. ║
    ║ Please run the following command to download new browsers:              ║
    ║                                                                         ║
    ║     npx playwright install                                              ║
    ║                                                                         ║
    ║ <3 Playwright Team                                                      ║
    ╚═════════════════════════════════════════════════════════════════════════╝
]]>
</failure>
</testcase>
<testcase name="Campaigns Management › should filter campaigns by status" classname="campaigns.spec.ts" time="0.004">
<failure message="campaigns.spec.ts:80:7 should filter campaigns by status" type="FAILURE">
<![CDATA[  [Mobile Chrome] › campaigns.spec.ts:80:7 › Campaigns Management › should filter campaigns by status 

    Error: browserType.launch: Executable doesn't exist at C:\Users\New User\AppData\Local\ms-playwright\chromium-1208\chrome-win64\chrome.exe
    ╔═════════════════════════════════════════════════════════════════════════╗
    ║ Looks like Playwright Test or Playwright was just installed or updated. ║
    ║ Please run the following command to download new browsers:              ║
    ║                                                                         ║
    ║     npx playwright install                                              ║
    ║                                                                         ║
    ║ <3 Playwright Team                                                      ║
    ╚═════════════════════════════════════════════════════════════════════════╝
]]>
</failure>
</testcase>
<testcase name="Campaigns Management › should search campaigns" classname="campaigns.spec.ts" time="0.003">
<failure message="campaigns.spec.ts:101:7 should search campaigns" type="FAILURE">
<![CDATA[  [Mobile Chrome] › campaigns.spec.ts:101:7 › Campaigns Management › should search campaigns ───────

    Error: browserType.launch: Executable doesn't exist at C:\Users\New User\AppData\Local\ms-playwright\chromium-1208\chrome-win64\chrome.exe
    ╔═════════════════════════════════════════════════════════════════════════╗
    ║ Looks like Playwright Test or Playwright was just installed or updated. ║
    ║ Please run the following command to download new browsers:              ║
    ║                                                                         ║
    ║     npx playwright install                                              ║
    ║                                                                         ║
    ║ <3 Playwright Team                                                      ║
    ╚═════════════════════════════════════════════════════════════════════════╝
]]>
</failure>
</testcase>
<testcase name="Campaigns Management › should export campaigns" classname="campaigns.spec.ts" time="0.004">
<failure message="campaigns.spec.ts:121:7 should export campaigns" type="FAILURE">
<![CDATA[  [Mobile Chrome] › campaigns.spec.ts:121:7 › Campaigns Management › should export campaigns ───────

    Error: browserType.launch: Executable doesn't exist at C:\Users\New User\AppData\Local\ms-playwright\chromium-1208\chrome-win64\chrome.exe
    ╔═════════════════════════════════════════════════════════════════════════╗
    ║ Looks like Playwright Test or Playwright was just installed or updated. ║
    ║ Please run the following command to download new browsers:              ║
    ║                                                                         ║
    ║     npx playwright install                                              ║
    ║                                                                         ║
    ║ <3 Playwright Team                                                      ║
    ╚═════════════════════════════════════════════════════════════════════════╝
]]>
</failure>
</testcase>
<testcase name="Campaigns Management › should view campaign details" classname="campaigns.spec.ts" time="0.006">
<failure message="campaigns.spec.ts:132:7 should view campaign details" type="FAILURE">
<![CDATA[  [Mobile Chrome] › campaigns.spec.ts:132:7 › Campaigns Management › should view campaign details ──

    Error: browserType.launch: Executable doesn't exist at C:\Users\New User\AppData\Local\ms-playwright\chromium-1208\chrome-win64\chrome.exe
    ╔═════════════════════════════════════════════════════════════════════════╗
    ║ Looks like Playwright Test or Playwright was just installed or updated. ║
    ║ Please run the following command to download new browsers:              ║
    ║                                                                         ║
    ║     npx playwright install                                              ║
    ║                                                                         ║
    ║ <3 Playwright Team                                                      ║
    ╚═════════════════════════════════════════════════════════════════════════╝
]]>
</failure>
</testcase>
<testcase name="Campaigns Management › should handle campaign actions" classname="campaigns.spec.ts" time="0.004">
<failure message="campaigns.spec.ts:150:7 should handle campaign actions" type="FAILURE">
<![CDATA[  [Mobile Chrome] › campaigns.spec.ts:150:7 › Campaigns Management › should handle campaign actions 

    Error: browserType.launch: Executable doesn't exist at C:\Users\New User\AppData\Local\ms-playwright\chromium-1208\chrome-win64\chrome.exe
    ╔═════════════════════════════════════════════════════════════════════════╗
    ║ Looks like Playwright Test or Playwright was just installed or updated. ║
    ║ Please run the following command to download new browsers:              ║
    ║                                                                         ║
    ║     npx playwright install                                              ║
    ║                                                                         ║
    ║ <3 Playwright Team                                                      ║
    ╚═════════════════════════════════════════════════════════════════════════╝
]]>
</failure>
</testcase>
</testsuite>
<testsuite name="auth.spec.ts" timestamp="2026-04-04T14:10:27.698Z" hostname="Mobile Safari" tests="8" failures="8" skipped="0" time="0.04" errors="0">
<testcase name="Authentication Flow › should redirect to login when accessing protected route" classname="auth.spec.ts" time="0.005">
<failure message="auth.spec.ts:10:7 should redirect to login when accessing protected route" type="FAILURE">
<![CDATA[  [Mobile Safari] › auth.spec.ts:10:7 › Authentication Flow › should redirect to login when accessing protected route 

    Error: browserType.launch: Executable doesn't exist at C:\Users\New User\AppData\Local\ms-playwright\webkit-2248\Playwright.exe
    ╔═════════════════════════════════════════════════════════════════════════╗
    ║ Looks like Playwright Test or Playwright was just installed or updated. ║
    ║ Please run the following command to download new browsers:              ║
    ║                                                                         ║
    ║     npx playwright install                                              ║
    ║                                                                         ║
    ║ <3 Playwright Team                                                      ║
    ╚═════════════════════════════════════════════════════════════════════════╝
]]>
</failure>
</testcase>
<testcase name="Authentication Flow › should show login form elements" classname="auth.spec.ts" time="0.005">
<failure message="auth.spec.ts:19:7 should show login form elements" type="FAILURE">
<![CDATA[  [Mobile Safari] › auth.spec.ts:19:7 › Authentication Flow › should show login form elements ──────

    Error: browserType.launch: Executable doesn't exist at C:\Users\New User\AppData\Local\ms-playwright\webkit-2248\Playwright.exe
    ╔═════════════════════════════════════════════════════════════════════════╗
    ║ Looks like Playwright Test or Playwright was just installed or updated. ║
    ║ Please run the following command to download new browsers:              ║
    ║                                                                         ║
    ║     npx playwright install                                              ║
    ║                                                                         ║
    ║ <3 Playwright Team                                                      ║
    ╚═════════════════════════════════════════════════════════════════════════╝
]]>
</failure>
</testcase>
<testcase name="Authentication Flow › should validate email input" classname="auth.spec.ts" time="0.006">
<failure message="auth.spec.ts:28:7 should validate email input" type="FAILURE">
<![CDATA[  [Mobile Safari] › auth.spec.ts:28:7 › Authentication Flow › should validate email input ──────────

    Error: browserType.launch: Executable doesn't exist at C:\Users\New User\AppData\Local\ms-playwright\webkit-2248\Playwright.exe
    ╔═════════════════════════════════════════════════════════════════════════╗
    ║ Looks like Playwright Test or Playwright was just installed or updated. ║
    ║ Please run the following command to download new browsers:              ║
    ║                                                                         ║
    ║     npx playwright install                                              ║
    ║                                                                         ║
    ║ <3 Playwright Team                                                      ║
    ╚═════════════════════════════════════════════════════════════════════════╝
]]>
</failure>
</testcase>
<testcase name="Authentication Flow › should show error for empty fields" classname="auth.spec.ts" time="0.004">
<failure message="auth.spec.ts:40:7 should show error for empty fields" type="FAILURE">
<![CDATA[  [Mobile Safari] › auth.spec.ts:40:7 › Authentication Flow › should show error for empty fields ───

    Error: browserType.launch: Executable doesn't exist at C:\Users\New User\AppData\Local\ms-playwright\webkit-2248\Playwright.exe
    ╔═════════════════════════════════════════════════════════════════════════╗
    ║ Looks like Playwright Test or Playwright was just installed or updated. ║
    ║ Please run the following command to download new browsers:              ║
    ║                                                                         ║
    ║     npx playwright install                                              ║
    ║                                                                         ║
    ║ <3 Playwright Team                                                      ║
    ╚═════════════════════════════════════════════════════════════════════════╝
]]>
</failure>
</testcase>
<testcase name="Authentication Flow › should handle login with demo credentials" classname="auth.spec.ts" time="0.005">
<failure message="auth.spec.ts:51:7 should handle login with demo credentials" type="FAILURE">
<![CDATA[  [Mobile Safari] › auth.spec.ts:51:7 › Authentication Flow › should handle login with demo credentials 

    Error: browserType.launch: Executable doesn't exist at C:\Users\New User\AppData\Local\ms-playwright\webkit-2248\Playwright.exe
    ╔═════════════════════════════════════════════════════════════════════════╗
    ║ Looks like Playwright Test or Playwright was just installed or updated. ║
    ║ Please run the following command to download new browsers:              ║
    ║                                                                         ║
    ║     npx playwright install                                              ║
    ║                                                                         ║
    ║ <3 Playwright Team                                                      ║
    ╚═════════════════════════════════════════════════════════════════════════╝
]]>
</failure>
</testcase>
<testcase name="Authentication Flow › should show error for invalid credentials" classname="auth.spec.ts" time="0.006">
<failure message="auth.spec.ts:64:7 should show error for invalid credentials" type="FAILURE">
<![CDATA[  [Mobile Safari] › auth.spec.ts:64:7 › Authentication Flow › should show error for invalid credentials 

    Error: browserType.launch: Executable doesn't exist at C:\Users\New User\AppData\Local\ms-playwright\webkit-2248\Playwright.exe
    ╔═════════════════════════════════════════════════════════════════════════╗
    ║ Looks like Playwright Test or Playwright was just installed or updated. ║
    ║ Please run the following command to download new browsers:              ║
    ║                                                                         ║
    ║     npx playwright install                                              ║
    ║                                                                         ║
    ║ <3 Playwright Team                                                      ║
    ╚═════════════════════════════════════════════════════════════════════════╝
]]>
</failure>
</testcase>
<testcase name="Authentication Flow › should handle logout" classname="auth.spec.ts" time="0.005">
<failure message="auth.spec.ts:76:7 should handle logout" type="FAILURE">
<![CDATA[  [Mobile Safari] › auth.spec.ts:76:7 › Authentication Flow › should handle logout ─────────────────

    Error: browserType.launch: Executable doesn't exist at C:\Users\New User\AppData\Local\ms-playwright\webkit-2248\Playwright.exe
    ╔═════════════════════════════════════════════════════════════════════════╗
    ║ Looks like Playwright Test or Playwright was just installed or updated. ║
    ║ Please run the following command to download new browsers:              ║
    ║                                                                         ║
    ║     npx playwright install                                              ║
    ║                                                                         ║
    ║ <3 Playwright Team                                                      ║
    ╚═════════════════════════════════════════════════════════════════════════╝
]]>
</failure>
</testcase>
<testcase name="Authentication Flow › should maintain session across page reloads" classname="auth.spec.ts" time="0.004">
<failure message="auth.spec.ts:94:7 should maintain session across page reloads" type="FAILURE">
<![CDATA[  [Mobile Safari] › auth.spec.ts:94:7 › Authentication Flow › should maintain session across page reloads 

    Error: browserType.launch: Executable doesn't exist at C:\Users\New User\AppData\Local\ms-playwright\webkit-2248\Playwright.exe
    ╔═════════════════════════════════════════════════════════════════════════╗
    ║ Looks like Playwright Test or Playwright was just installed or updated. ║
    ║ Please run the following command to download new browsers:              ║
    ║                                                                         ║
    ║     npx playwright install                                              ║
    ║                                                                         ║
    ║ <3 Playwright Team                                                      ║
    ╚═════════════════════════════════════════════════════════════════════════╝
]]>
</failure>
</testcase>
</testsuite>
<testsuite name="campaigns.spec.ts" timestamp="2026-04-04T14:10:27.698Z" hostname="Mobile Safari" tests="9" failures="9" skipped="0" time="0.044" errors="0">
<testcase name="Campaigns Management › should display campaigns page with KPIs" classname="campaigns.spec.ts" time="0.005">
<failure message="campaigns.spec.ts:15:7 should display campaigns page with KPIs" type="FAILURE">
<![CDATA[  [Mobile Safari] › campaigns.spec.ts:15:7 › Campaigns Management › should display campaigns page with KPIs 

    Error: browserType.launch: Executable doesn't exist at C:\Users\New User\AppData\Local\ms-playwright\webkit-2248\Playwright.exe
    ╔═════════════════════════════════════════════════════════════════════════╗
    ║ Looks like Playwright Test or Playwright was just installed or updated. ║
    ║ Please run the following command to download new browsers:              ║
    ║                                                                         ║
    ║     npx playwright install                                              ║
    ║                                                                         ║
    ║ <3 Playwright Team                                                      ║
    ╚═════════════════════════════════════════════════════════════════════════╝
]]>
</failure>
</testcase>
<testcase name="Campaigns Management › should display campaign list" classname="campaigns.spec.ts" time="0.009">
<failure message="campaigns.spec.ts:28:7 should display campaign list" type="FAILURE">
<![CDATA[  [Mobile Safari] › campaigns.spec.ts:28:7 › Campaigns Management › should display campaign list ───

    Error: browserType.launch: Executable doesn't exist at C:\Users\New User\AppData\Local\ms-playwright\webkit-2248\Playwright.exe
    ╔═════════════════════════════════════════════════════════════════════════╗
    ║ Looks like Playwright Test or Playwright was just installed or updated. ║
    ║ Please run the following command to download new browsers:              ║
    ║                                                                         ║
    ║     npx playwright install                                              ║
    ║                                                                         ║
    ║ <3 Playwright Team                                                      ║
    ╚═════════════════════════════════════════════════════════════════════════╝
]]>
</failure>
</testcase>
<testcase name="Campaigns Management › should create new campaign" classname="campaigns.spec.ts" time="0.004">
<failure message="campaigns.spec.ts:42:7 should create new campaign" type="FAILURE">
<![CDATA[  [Mobile Safari] › campaigns.spec.ts:42:7 › Campaigns Management › should create new campaign ─────

    Error: browserType.launch: Executable doesn't exist at C:\Users\New User\AppData\Local\ms-playwright\webkit-2248\Playwright.exe
    ╔═════════════════════════════════════════════════════════════════════════╗
    ║ Looks like Playwright Test or Playwright was just installed or updated. ║
    ║ Please run the following command to download new browsers:              ║
    ║                                                                         ║
    ║     npx playwright install                                              ║
    ║                                                                         ║
    ║ <3 Playwright Team                                                      ║
    ╚═════════════════════════════════════════════════════════════════════════╝
]]>
</failure>
</testcase>
<testcase name="Campaigns Management › should validate campaign form" classname="campaigns.spec.ts" time="0.007">
<failure message="campaigns.spec.ts:68:7 should validate campaign form" type="FAILURE">
<![CDATA[  [Mobile Safari] › campaigns.spec.ts:68:7 › Campaigns Management › should validate campaign form ──

    Error: browserType.launch: Executable doesn't exist at C:\Users\New User\AppData\Local\ms-playwright\webkit-2248\Playwright.exe
    ╔═════════════════════════════════════════════════════════════════════════╗
    ║ Looks like Playwright Test or Playwright was just installed or updated. ║
    ║ Please run the following command to download new browsers:              ║
    ║                                                                         ║
    ║     npx playwright install                                              ║
    ║                                                                         ║
    ║ <3 Playwright Team                                                      ║
    ╚═════════════════════════════════════════════════════════════════════════╝
]]>
</failure>
</testcase>
<testcase name="Campaigns Management › should filter campaigns by status" classname="campaigns.spec.ts" time="0.004">
<failure message="campaigns.spec.ts:80:7 should filter campaigns by status" type="FAILURE">
<![CDATA[  [Mobile Safari] › campaigns.spec.ts:80:7 › Campaigns Management › should filter campaigns by status 

    Error: browserType.launch: Executable doesn't exist at C:\Users\New User\AppData\Local\ms-playwright\webkit-2248\Playwright.exe
    ╔═════════════════════════════════════════════════════════════════════════╗
    ║ Looks like Playwright Test or Playwright was just installed or updated. ║
    ║ Please run the following command to download new browsers:              ║
    ║                                                                         ║
    ║     npx playwright install                                              ║
    ║                                                                         ║
    ║ <3 Playwright Team                                                      ║
    ╚═════════════════════════════════════════════════════════════════════════╝
]]>
</failure>
</testcase>
<testcase name="Campaigns Management › should search campaigns" classname="campaigns.spec.ts" time="0.004">
<failure message="campaigns.spec.ts:101:7 should search campaigns" type="FAILURE">
<![CDATA[  [Mobile Safari] › campaigns.spec.ts:101:7 › Campaigns Management › should search campaigns ───────

    Error: browserType.launch: Executable doesn't exist at C:\Users\New User\AppData\Local\ms-playwright\webkit-2248\Playwright.exe
    ╔═════════════════════════════════════════════════════════════════════════╗
    ║ Looks like Playwright Test or Playwright was just installed or updated. ║
    ║ Please run the following command to download new browsers:              ║
    ║                                                                         ║
    ║     npx playwright install                                              ║
    ║                                                                         ║
    ║ <3 Playwright Team                                                      ║
    ╚═════════════════════════════════════════════════════════════════════════╝
]]>
</failure>
</testcase>
<testcase name="Campaigns Management › should export campaigns" classname="campaigns.spec.ts" time="0.004">
<failure message="campaigns.spec.ts:121:7 should export campaigns" type="FAILURE">
<![CDATA[  [Mobile Safari] › campaigns.spec.ts:121:7 › Campaigns Management › should export campaigns ───────

    Error: browserType.launch: Executable doesn't exist at C:\Users\New User\AppData\Local\ms-playwright\webkit-2248\Playwright.exe
    ╔═════════════════════════════════════════════════════════════════════════╗
    ║ Looks like Playwright Test or Playwright was just installed or updated. ║
    ║ Please run the following command to download new browsers:              ║
    ║                                                                         ║
    ║     npx playwright install                                              ║
    ║                                                                         ║
    ║ <3 Playwright Team                                                      ║
    ╚═════════════════════════════════════════════════════════════════════════╝
]]>
</failure>
</testcase>
<testcase name="Campaigns Management › should view campaign details" classname="campaigns.spec.ts" time="0.003">
<failure message="campaigns.spec.ts:132:7 should view campaign details" type="FAILURE">
<![CDATA[  [Mobile Safari] › campaigns.spec.ts:132:7 › Campaigns Management › should view campaign details ──

    Error: browserType.launch: Executable doesn't exist at C:\Users\New User\AppData\Local\ms-playwright\webkit-2248\Playwright.exe
    ╔═════════════════════════════════════════════════════════════════════════╗
    ║ Looks like Playwright Test or Playwright was just installed or updated. ║
    ║ Please run the following command to download new browsers:              ║
    ║                                                                         ║
    ║     npx playwright install                                              ║
    ║                                                                         ║
    ║ <3 Playwright Team                                                      ║
    ╚═════════════════════════════════════════════════════════════════════════╝
]]>
</failure>
</testcase>
<testcase name="Campaigns Management › should handle campaign actions" classname="campaigns.spec.ts" time="0.004">
<failure message="campaigns.spec.ts:150:7 should handle campaign actions" type="FAILURE">
<![CDATA[  [Mobile Safari] › campaigns.spec.ts:150:7 › Campaigns Management › should handle campaign actions 

    Error: browserType.launch: Executable doesn't exist at C:\Users\New User\AppData\Local\ms-playwright\webkit-2248\Playwright.exe
    ╔═════════════════════════════════════════════════════════════════════════╗
    ║ Looks like Playwright Test or Playwright was just installed or updated. ║
    ║ Please run the following command to download new browsers:              ║
    ║                                                                         ║
    ║     npx playwright install                                              ║
    ║                                                                         ║
    ║ <3 Playwright Team                                                      ║
    ╚═════════════════════════════════════════════════════════════════════════╝
]]>
</failure>
</testcase>
</testsuite>
</testsuites>